Time glc_e lcts_e
0 37.00414446418 0
0.5 18.75207223208999 0.1000000000000001
1 0.5000000000000142 0.2000000000000001
1.5 -17.75207223209 0.3000000000000002
2 -36.00414446418 0.4
2.5 -54.25621669627 0.5000000000000001
3 -72.50828892836 0.6000000000000001
3.5 -90.76036116045 0.7000000000000002
4 -109.01243339254 0.8000000000000002
4.5 -127.26450562463 0.9000000000000001
5 -145.51657785672 1
5.5 -163.76865008881 1.1
6 -182.0207223209 1.2
6.5 -200.27279455299 1.3
7 -218.52486678508 1.4
7.5 -236.77693901717 1.5
8 -255.02901124926 1.6
8.5 -273.28108348135 1.7
9 -291.5331557134401 1.8
9.5 -309.78522794553 1.9
10 -328.03730017762 2