Time glc_e lcts_e
0 37.00414446418 0
0.5 22.73079137136326 0.06566977711252363
1 14.01543384056142 0.09144034185320696
1.5 8.719895577069961 0.09772642950662987
2 5.41624052304708 0.08613115174336236
2.5 3.477225218155124 0.09275793643738835
3 2.10904688799278 0.05626061727588446
3.5 1.343973622644872 0.04778318540407973
4 0.945750462144781 0.05652279623100197
4.5 0.7099892028099324 0.0630449599620309
5 0.6070571263800748 0.07544876021751547
5.5 0.4315719179340646 0.05912746023531817
6 0.382826041469744 0.06139597338722558
6.5 0.2899218122331286 0.04941373374970572
7 0.2287138237096161 0.04112086399699184
7.5 0.1958212924745492 0.03698614743314989
8 0.1187695231105951 0.02243283678117879
8.5 0.0720394745922571 0.01360660321792427
9 0.04369459987665161 0.00825290698836734
9.5 0.1108524192813144 0.02279568808583692
10 0.0672340697841846 0.01382601202342313