Time glc_e lcts_e
0 37.00414446418 0
0.5 22.32950740234297 0.005327881867776539
1 13.69507671500727 0.01838501270844415
1.5 8.556359200231825 0.03613935377596154
2 5.537949035917088 0.05674634743307844
2.5 3.805531451270017 0.07907938683541071
3 2.853188471536953 0.1024666549638605
3.5 2.373926359429593 0.126487768678937
4 2.181594778316878 0.1508918821562963
4.5 2.163292728411343 0.1755292408393101
5 2.250572668074817 0.2003106913077456
5.5 2.401907524129382 0.2251811320237395
6 2.592023275579705 0.2500988112665807
6.5 2.805694753833617 0.2750476691861863
7 3.033676352280909 0.3000187547640451
7.5 3.270337221826474 0.3250027730705961
8 3.512220251334897 0.3499905238741856
8.5 3.75733163449334 0.3749866653804053
9 4.004364771868044 0.3999839793954018
9.5 4.252563890861456 0.4249820176094776
10 4.501429006182102 0.4499765160122804