Time glc_e lcts_e
0 37.00414446418 0
0.5 18.58745184930546 0.01809236985496499
1 0.08537961721546594 0.01809236985496499
1.5 -18.41669261487453 0.01809236985496499
2 -36.91876484696454 0.01809236985496499
2.5 -55.42083707905454 0.01809236985496499
3 -73.83755138923864 0.03618184788373672
3.5 -92.33962362132867 0.03618184788373672
4 -110.8416958534187 0.03618184788373672
4.5 -129.3437680855087 0.03618184788373672
5 -147.8458403175987 0.03618184788373672
5.5 -166.3479125496885 0.03618184788373672
6 -184.8499847817785 0.03618184788373672
6.5 -203.3520570138685 0.03618184788373672
7 -221.8541292459585 0.03618184788373672
7.5 -240.3562014780485 0.03618184788373672
8 -258.8582737101385 0.03618184788373672
8.5 -277.3603459422285 0.03618184788373672
9 -295.8624181743185 0.03618184788373672
9.5 -314.3644904064085 0.03618184788373672
10 -332.8665626384985 0.03618184788373672