Time glc_e lcts_e
0 37.00414446418 0
0.5 22.55818593056584 0.02402089188816545
1 13.73653522929161 0.03254730563976167
1.5 8.467584240908536 0.04443887160660175
2 5.353676117361728 0.07288990127623303
2.5 3.324401028024247 0.06049711704924582
3 2.076327595512068 0.04934217479474774
3.5 1.324128512383428 0.04358734649269235
4 0.8730838855254983 0.04119216828559839
4.5 0.5936221674851279 0.03849675304003185
5 0.3600496445688324 0.0233494350589121
5.5 0.2183822180658017 0.0141622176156418
6 0.2008969854892848 0.02302453673192089
6.5 0.179572106031122 0.02613915623469474
7 0.1089140045707539 0.01585391096981047
7.5 0.06605695102003928 0.00961548539668975
8 0.04006636331644999 0.005832202749848475
8.5 0.02430096828950091 0.003537335619175671
9 0.0147404815200135 0.002145677065596528
9.5 0.08047405194418344 0.01639102150632568
10 0.0488102746240382 0.009941717134783515