Time glc_e lcts_e
0 37.00414446418 0
0.5 22.44418767699561 0
1 13.61300546723922 0
1.5 8.256655612620193 0
2 5.00788831325282 0
2.5 3.037448042953379 0
3 1.842321284608007 0
3.5 1.117431422013683 0
4 0.6777548551989867 0
4.5 0.4110772452365374 0
5 0.2493267167626794 0
5.5 0.1512199127413024 0
6 0.0917208980859144 0
6.5 0.0556333235769769 0
7 0.03374441321386397 0
7.5 0.02046932769122651 0
8 0.01241533045281666 0
8.5 0.007530243386883339 0
9 0.004569098583369047 0
9.5 0.002772664228911995 0
10 0.001682952914400485 0