Time glc_e lcts_e
0 37.00414446418 0
0.5 22.55807996787718 0.02402325884305564
1 13.75444443934351 0.02981608429076752
1.5 8.342526861405087 0.01808444428253473
2 5.144277100695453 0.02874932196667384
2.5 3.251575645826634 0.04515259843249667
3 2.037304749181928 0.04112259867962281
3.5 1.235687275611334 0.02494210645189162
4 0.8138990477436568 0.02871659644968332
4.5 0.4936579304937445 0.01741760923991894
5 0.2994195975831353 0.0105643467417838
5.5 0.1816049239682886 0.006407521092042713
6 0.1635949802353885 0.01515909918364812
6.5 0.1794962631010588 0.02612351798510111
7 0.2814859843300084 0.05225025986090434
7.5 0.1707327341308022 0.0316919144176081
8 0.1035541556568905 0.01922202825018419
8.5 0.1146418351932545 0.02964599203938638
9 0.145990930905546 0.02982834406839677
9.5 0.2377588827990308 0.04956410876768742
10 0.204541472009977 0.0427873865908879