Time glc_e lcts_e
0 37.00414446418 0
0.5 19.35368721261496 0.1797873524193128
1 1.854555871635733 0.3799489308282779
1.5 -16.64751636045428 0.3799489308282779
2 -35.14958859254428 0.3799489308282779
2.5 -53.65166082463429 0.3799489308282779
3 -72.15373305672429 0.3799489308282779
3.5 -90.65580528881429 0.3799489308282779
4 -109.1578775209043 0.3799489308282779
4.5 -127.6599497529944 0.3799489308282779
5 -146.1620219850843 0.3799489308282779
5.5 -164.6640942171743 0.3799489308282779
6 -183.1661664492643 0.3799489308282779
6.5 -201.6682386813543 0.3799489308282779
7 -220.1703109134443 0.3799489308282779
7.5 -238.6723831455343 0.3799489308282779
8 -257.1744553776243 0.3799489308282779
8.5 -275.6765276097143 0.3799489308282779
9 -294.1785998418043 0.3799489308282779
9.5 -312.6806720738943 0.3799489308282779
10 -331.1827443059843 0.3799489308282779