Time glc_e lcts_e
0 37.00414446418 0
0.5 23.22305499910825 0.2039409451968696
1 14.99174793755996 0.3291276151369796
1.5 9.964700854694817 0.4081031834085682
2 6.8756741357383 0.4239399723677439
2.5 4.212192710696577 0.2555102227231357
3 3.377485799167696 0.3307641692591576
3.5 2.701117767499091 0.3281398649949345
4 2.633685288673459 0.3991361310033395
4.5 2.588477355184433 0.4396755878504419
5 2.717919764553052 0.4298152694057175
5.5 2.465240247034828 0.4253499864478995
6 2.464739888957622 0.4538777198078526
6.5 2.328162225524876 0.4425948332923461
7 2.181679200953365 0.425105920188352
7.5 2.279657078160442 0.4506441783398925
8 2.357003129646924 0.4757590402959443
8.5 2.216239030237013 0.4565663544830489
9 2.162009149598295 0.4538361739974686
9.5 2.300229970162037 0.4860389512917538
10 2.384486789754695 0.4993979504517494