Time glc_e lcts_e
0 37.00414446418 0
0.5 20.49897422401197 0.02849489125075256
1 11.81977763129367 0.01782263767436948
1.5 6.492860664849669 0.00883443949186947
2 1.165943698405669 -0.0001537586906305297
2.5 -4.160973268038332 -0.009141956873130529
3 -9.487890234482332 -0.01813015505563053
3.5 -14.72937768280724 -0.009025706728944328
4 -20.05629464925125 -0.01801390491144433
4.5 -25.38321161569525 -0.02700210309394433
5 -30.71012858213925 -0.03599030127644434
5.5 -36.03704554858325 -0.04497849945894434
6 -41.36396251502725 -0.05396669764144434
6.5 -46.69087948147125 -0.06295489582394434
7 -52.01779644791526 -0.07194309400644433
7.5 -57.34471341435925 -0.08093129218894435
8 -62.67163038080326 -0.08991949037144434
8.5 -67.99854734724725 -0.09890768855394436
9 -73.32546431369126 -0.1078958867364443
9.5 -78.65238128013526 -0.1168840849189444
10 -83.97929824657926 -0.1258722831014444