Time glc_e lcts_e
0 37.00414446418 0
0.5 22.3951790277486 0.04881861043200321
1 13.75586373466216 0.09185735628786901
1.5 8.526599935421999 0.1116413577987981
2 5.301982662482819 0.11006673299591
2.5 3.380457705183773 0.1084752326902474
3 2.235671730972224 0.105881086611085
3.5 1.47686742819849 0.09140554724264752
4 1.156852453171745 0.1108540904067034
4.5 0.8464087689554854 0.09826391202710526
5 0.6382927257686054 0.08603791431065505
5.5 0.4347346652218373 0.06274575745069581
6 0.4642792469364245 0.08036063724195541
6.5 0.4823539767645571 0.09119105327134876
7 0.4317617465286224 0.08437891521967542
7.5 0.3991444645077338 0.08012938130685029
8 0.2653455836917528 0.05819895174319788
8.5 0.3904446037221284 0.08125663384782179
9 0.3731212345176705 0.07781513814044701
9.5 0.4293683536473284 0.08981412840995824
10 0.3923355950904263 0.08243285220935496