Time glc_e lcts_e
0 37.00414446418 0
0.5 22.49733646195423 0.005313614721483274
1 13.79684769452853 0.01837642839166812
1.5 8.618111853660249 0.03613766456577883
2 5.575412027394273 0.05674656335399123
2.5 3.828294479007048 0.07908303021562074
3 2.866962437217588 0.102464356518411
3.5 2.382246869796309 0.1264821702264181
4 2.186613591768572 0.1508859579838724
4.5 2.166315073963374 0.1755237602908955
5 2.252405752204311 0.2003090848634262
5.5 2.403040569526055 0.2251827888281099
6 2.592737280959549 0.2501017663607309
6.5 2.806123163802489 0.2750493528975005
7 3.033937357300531 0.3000201649892039
7.5 3.270472265008255 0.3250013805323202
8 3.512329123160951 0.3499924636882799
8.5 3.757361956109655 0.3749841884148803
9 4.004329338554853 0.3999771863457677
9.5 4.25245920626766 0.4249693820467992
10 4.501383539274479 0.449970493702594