Time glc_e lcts_e
0 37.00414446418 0
0.5 18.5644742871321 0.006240205504210302
1 0.2496635670402263 0.02496635670402295
1.5 -17.94013383832127 0.05619383937687345
2 -36.00491792895238 0.0999226535227617
2.5 -53.94468870485312 0.1561527991416879
3 -71.75944616602348 0.2248842762336521
3.5 -89.44919031246346 0.3061170847986541
4 -107.0139211441731 0.399851224836694
4.5 -124.4536386611523 0.5060866963477719
5 -141.7683428634011 0.624823499331888
5.5 -158.9580337509196 0.7560616337890415
6 -176.0227113237077 0.8998010997192327
6.5 -192.9623755817654 1.056041897122462
7 -209.7770265250927 1.224784025998729
7.5 -226.466664136686 1.406027488048409
8 -243.0313137566546 1.599769749260544
8.5 -259.4711014937358 1.805998198761428
9 -275.7858296341923 2.024732607924773
9.5 -291.9754966364716 2.255973130905855
10 -308.0401419401335 2.499715823748663