Time glc_e lcts_e
0 37.00414446418 0
0.5 18.5644742871321 0.006240205504210302
1 10.89704203266162 0.01912977697676613
1.5 6.861649106917216 0.03658802771289663
2 4.508327743453111 0.05703864341103253
2.5 3.179326745059007 0.07928959625081568
3 2.472254012854193 0.1026320974834465
3.5 2.142337372933508 0.1266342599979264
4 2.040853197212881 0.15106085285627
4.5 2.078085272847106 0.1757211034074538
5 2.199148641810006 0.2004758758293163
5.5 2.371975860263733 0.2254649348431522
6 2.575508894125242 0.2504688093085772
6.5 2.796812644953562 0.27539975948063
7 3.0302884796915 0.3004457420895429
7.5 3.267740732439701 0.3252066333405459
8 3.511756457538422 0.350228238201907
8.5 3.758538722077546 0.3752816269047787
9 4.005342480444772 0.4001874204037852
9.5 4.254489062176734 0.4252391989975345
10 4.504572225022772 0.4503305277344991