Time glc_e lcts_e
0 37.00414446418 0
0.5 23.39397126762184 0.1926879286239111
1 15.06144829168799 0.3044922386241334
1.5 10.12322642866986 0.3946056023949813
2 7.025412896632869 0.409189649514964
2.5 4.85216656329612 0.3822647437884542
3 3.812125155902032 0.4081301291120504
3.5 3.163230059223006 0.4179737451915435
4 2.74986401388956 0.4202780182933601
4.5 2.471012538792742 0.4178101770514487
5 2.281792945661143 0.4122336366134976
5.5 2.360860977809034 0.4481603927884623
6 2.22204512514638 0.432071170090111
6.5 1.980552936284308 0.390412532060402
7 2.162284304263071 0.4317017526773716
7.5 2.267252667766482 0.4556876447634837
8 2.186984436309577 0.4459188227722196
8.5 2.146120657436785 0.4439718824333832
9 2.289260831844064 0.4789149117774638
9.5 2.381410128553276 0.5027812374154823
10 2.442606614228481 0.5097828552885959