Time glc_e lcts_e
0 37.00414446418 0
0.5 18.75207223208999 0.1000000000000001
1 0.5000000000000142 0.2000000000000001
1.5 -17.75207223209 0.3000000000000002
2 -36.00414446418 0.4
2.5 -54.25621669627 0.5000000000000001
3 -72.50828892836 0.6000000000000001
3.5 -90.76036116045 0.7000000000000002
4 -109.01243339254 0.8000000000000002
4.5 -127.26450562463 0.9000000000000001
5 -127.5583681189933 0.9016100226353838
5.5 -127.5583681189933 0.9016100226353838
6 -127.5583681189933 0.9016100226353838
6.5 -127.5583681189933 0.9016100226353838
7 -127.5583681189933 0.9016100226353838
7.5 -127.5583681189933 0.9016100226353838
8 -127.5583681189933 0.9016100226353838
8.5 -127.5583681189933 0.9016100226353838
9 -127.5583681189933 0.9016100226353838
9.5 -127.5583681189933 0.9016100226353838
10 -127.5583681189933 0.9016100226353838