Time glc_e lcts_e
0 37.00414446418 0
0.5 22.84206835303697 0.09293045684457191
1 14.2641492751671 0.1492689313036678
1.5 9.075500332617802 0.1785610062924611
2 5.915942788198056 0.1958429254238723
2.5 3.998013545647349 0.2058486086869778
3 2.833608132931551 0.2114223500371
3.5 2.125541302796356 0.2143259817948669
4 1.694421964177284 0.2155791019864896
4.5 1.430866709309933 0.2158568875505109
5 1.269065941744371 0.2155978741178631
5.5 1.168908025939524 0.2149364500410157
6 1.106045633177505 0.2140930358675618
6.5 1.065790685366491 0.2131311499266159
7 1.039226199284014 0.2120836143514301
7.5 1.020901164834371 0.2109792545272191
8 1.032513680262269 0.2197660441543081
8.5 1.049448915735878 0.2267282875694608
9 1.06831546494801 0.2255065660958776
9.5 1.066817135186822 0.224295490126408
10 1.059984822596383 0.2230958933219793