Time glc_e lcts_e
0 37.00414446418 0
0.5 22.55597582238504 0.157581842735014
1 13.7580572661815 0.2790091547236203
1.5 8.087957214836798 0.2816096123138072
2 4.90310668078796 0.3481912295298337
2.5 3.686556242037492 0.3517648676779073
3 2.676068765137754 0.313121961027497
3.5 2.41242707374095 0.3480925264317838
4 2.006099221400171 0.3061576082258372
4.5 1.997004393353955 0.3486642917662736
5 1.369710816408583 0.2645172401190649
5.5 0.9484584351946926 0.2225796513085877
6 0.7332773902544514 0.2228612626113179
6.5 0.724152068622405 0.2653565482057617
7 0.7150393152445796 0.3078519585796296
7.5 0.7059216704972149 0.4307632714365853
8 0.7215851131881201 0.4831783003677684
8.5 0.5337007494765307 0.5747898775622835
9 0.5518695863382296 0.6282059453591778
9.5 0.4633351136523961 0.6389395209821178
10 0.1761037360617062 0.639216269471375