Time glc_e lcts_e
0 37.00414446418 0
0.5 23.25831229907469 0.1704438056846498
1 14.78930308976168 0.2492299867534311
1.5 9.809512513819309 0.3309003448941993
2 6.94324756656747 0.4122895353744237
2.5 5.210041528493939 0.4548004958617084
3 4.164013485129032 0.4794599044896218
3.5 3.201679008768235 0.4227218110111987
4 2.764156831912985 0.4231549714686877
4.5 2.375102917594433 0.3983481896805707
5 2.068051211970108 0.3688710875566123
5.5 2.076489716394846 0.3904807452153163
6 1.895711451825229 0.3658832209146958
6.5 1.769452752685152 0.3475969824470178
7 1.894069248177951 0.3773076704551133
7.5 1.607004872117421 0.3217774620992977
8 1.772478012905661 0.3618525767968107
8.5 2.005439283728562 0.4052129262177404
9 1.839650625445332 0.372190777153045
9.5 1.69547338041164 0.3636612833011032
10 1.71935983720847 0.3631019868659734