Time glc_e lcts_e
0 37.00414446418 0
0.5 22.6409222449367 0.07869365207759173
1 13.92906538507797 0.1264244343642982
1.5 8.645089974268387 0.1553744371016681
2 5.440219633973681 0.1729333767089259
2.5 3.496405101839577 0.1835832059853869
3 2.317430012297284 0.1900426100160832
3.5 1.602323311620752 0.1939605580257658
4 1.168584294572482 0.1963369403430294
4.5 0.905511821188285 0.197778269689288
5 0.7459495184212018 0.1986524844126744
5.5 0.6491715997576425 0.1991827141718901
6 0.5904796710308141 0.1995042772689585
6.5 0.5548788729135078 0.1996993279878876
7 0.5332864450332369 0.1998176292284481
7.5 0.5201885369979643 0.1998893904390993
8 0.5122461068884148 0.199932905663188
8.5 0.5074306640235134 0.1999592886558237
9 0.5045099536629349 0.1999752907318537
9.5 0.5027341365442615 0.1999850201318522
10 0.5016581876660229 0.1999909150726002