Time glc_e lcts_e
0 37.00414446418 0
0.5 22.86082538847648 0.08449458822577678
1 13.86576985868359 0.05124847833664149
1.5 8.762199017462427 0.1025156529381179
2 6.083783468476416 0.2379962623236662
2.5 4.500202810285467 0.3108541271359805
3 3.439672018555817 0.3325677506301925
3.5 2.774953292131649 0.339199683086739
4 2.312977783965649 0.3316535505697709
4.5 2.049653514641621 0.3323365932976599
5 2.225391275170618 0.4007758603359013
5.5 2.013022716548774 0.3776054360682811
6 2.03863852638664 0.3948740286848493
6.5 1.877028116603247 0.3694182915299703
7 1.612258234259606 0.3201560983596209
7.5 1.640927111647747 0.3286573168355751
8 1.820021818285339 0.3714989056946437
8.5 2.086094927853114 0.4317926152901292
9 2.25284483209465 0.4715372135131415
9.5 2.09293673677791 0.4239356167824346
10 2.206764186490025 0.4619596205165091