Time glc_e lcts_e
0 37.00414446418 0
0.5 23.28318476432849 0.1754778635917467
1 15.10479932273001 0.3131934934643021
1.5 10.14976466653378 0.3998830707512185
2 7.149601785883571 0.4541326411440715
2.5 5.335211692080149 0.4801717353543734
3 4.239956012220599 0.4948648733712116
3.5 3.089657319788581 0.399992368437136
4 2.576373658126645 0.3850678000733809
4.5 2.236379080997543 0.3702034765300561
5 2.18309272443955 0.3922102916315719
5.5 2.300970402640994 0.4360092644510795
6 2.016277106769729 0.39033688078718
6.5 2.189186496154408 0.4327313475329991
7 2.288794276220194 0.4573742862460466
7.5 2.150142927758046 0.4319449538411062
8 2.091214385377911 0.4216237797274519
8.5 2.000793134752638 0.414487582305178
9 2.201102474138248 0.4610318183456163
9.5 2.327926027111871 0.4919340555983567
10 2.114612115274583 0.4432650634235