Time glc_e lcts_e
0 37.00414446418 0
0.5 23.40739604278814 0.2035290385163552
1 15.16978138159217 0.3300897157548234
1.5 10.18255083958882 0.410038446531343
2 7.16386520963627 0.4601503330125398
2.5 5.339722782840727 0.4836002046217791
3 4.240292501795133 0.4967066829229075
3.5 3.579586680314375 0.503546921177382
4 3.172148784302967 0.5066210810553113
4.5 2.911165476798395 0.5073624515130535
5 2.747827185007586 0.506730926484992
5.5 2.642844141890603 0.505242049638877
6 2.574003619425253 0.5033572999855366
6.5 2.527186094717011 0.5010030421383986
7 2.493512444186668 0.4985366719266178
7.5 2.467902649274084 0.4960313131118967
8 2.471255883366403 0.5032938452616096
8.5 2.480865581453117 0.5114779790496168
9 2.491913296648165 0.5196927793279833
9.5 2.504039957415837 0.5271854779206132
10 2.51665751035509 0.524442070368605