Time glc_e lcts_e
0 37.00414446418 0
0.5 22.49646583122963 0.01102272346310148
1 13.64472373053787 0.006685584195470908
1.5 8.275938719967742 0.004055009555512678
2 5.019610043376954 0.002459487362221142
2.5 3.199499606715765 0.03417600851534214
3 1.995820461583381 0.03237872226384993
3.5 1.210520616662095 0.01963859555327401
4 0.8167014032593606 0.02930982367984187
4.5 0.4953535150988843 0.01777727346724448
5 0.3004474850737568 0.01078247542809078
5.5 0.2943231325252597 0.0301835898078549
6 0.2319626191811587 0.02957964091559964
6.5 0.2033754870286193 0.03116186673026882
7 0.1233556264889701 0.01890095826820758
7.5 0.07482005984481531 0.01146417775194335
8 0.04538106610641135 0.006953437480563102
8.5 0.07935655908795736 0.02220166013010651
9 0.06841948590366641 0.0134660660999424
9.5 0.04149890787226478 0.008167659097541915
10 0.02517180209103397 0.004954219493752789